// Jest Snapshot v1, https://goo.gl/fbAQLP

exports[`testing EditExpence page 1`] = `
<div>
  <div
    className="page-header "
  >
    <div
      className="content-container"
    >
      <h1
        className="page-header__title"
      >
        Edit Expense
      </h1>
    </div>
  </div>
  <div
    className="content-container"
  >
    <ExpenseForm
      expense={
        Object {
          "amount": 910,
          "createdAt": 86400000,
          "description": "rent",
          "id": "2",
          "note": "",
        }
      }
      onSubmit={[Function]}
    />
    <button
      className="button button-secondary"
      onClick={[Function]}
    >
      Remove Expense
    </button>
  </div>
</div>
`;
