// Jest Snapshot v1, https://goo.gl/fbAQLP

exports[`testing ExpenseDashboard component 1`] = `
<div>
  <p>
    this is homepage
  </p>
  <Connect(ExpenseListFilter) />
  <ExpenseSumary
    count={5}
    total={1895}
  />
  <Connect(ExpenseList) />
</div>
`;
