// Jest Snapshot v1, https://goo.gl/fbAQLP

exports[`testing Header component 1`] = `
<div
  className="header"
>
  <div
    className="content-container"
  >
    <div
      className="header__content"
    >
      <Link
        className="header__title"
        exact={true}
        to="/dashboard"
      >
         
        <h1>
          Expencify app
        </h1>
      </Link>
       Â 
      <button
        className="button button--link "
        onClick={[Function]}
      >
        Logout
      </button>
    </div>
  </div>
</div>
`;
